// Jest Snapshot v1, https://goo.gl/fbAQLP

exports[`test App main should render correctly 1`] = `
<div
  className="App"
>
  <Home />
</div>
`;
