// Jest Snapshot v1, https://goo.gl/fbAQLP

exports[`test Home page should render correctly 1`] = `<HomeHero />`;
