// Jest Snapshot v1, https://goo.gl/fbAQLP

exports[`test Logo component should render correctly 1`] = `
<img
  alt="logo"
  className="App-logo"
  src="logo.svg"
/>
`;
